[  5%] Built target tinyxml2
[  5%] Built target nuka_codegen
[ 11%] Built target nuka_core
[ 22%] Built target nuka_constraint
[ 22%] Built target nuka_cooker
[ 27%] Built target nuka_phi
[ 33%] Built target nuka_collision
[ 38%] Built target gtest
[ 44%] Built target nuka_scene
[ 44%] Built target gtest_main
[ 50%] Built target nuka_row_solver_gpu
[ 55%] Built target nuka_articulation
[ 61%] Built target nuka_import
[ 66%] Built target nuka_solver
[ 72%] Built target nuka_articulation_gpu
[ 83%] Built target nuka_collision_gpu
[ 94%] Built target nuka_runtime
[ 94%] Building CXX object tests/CMakeFiles/nuka_batched_unified_world_test.dir/__/src/runtime/coresident/batched_unified_world.cpp.o
[ 94%] Building CXX object tests/CMakeFiles/nuka_batched_unified_world_test.dir/coresident/test_batched_unified_world.cpp.o
[ 94%] Building CXX object tests/CMakeFiles/nuka_batched_unified_world_test.dir/__/src/runtime/coresident/grasp_scene_factory.cpp.o
[ 94%] Linking CXX executable nuka_batched_unified_world_test
[100%] Built target nuka_batched_unified_world_test
[  5%] Built target tinyxml2
[ 11%] Built target nuka_cooker
[ 22%] Built target nuka_phi
[ 22%] Built target nuka_collision
[ 27%] Built target gtest
[ 22%] Built target nuka_codegen
[ 33%] Built target nuka_core
[ 38%] Built target nuka_constraint
[ 38%] Built target gtest_main
[ 44%] Built target nuka_scene
[ 50%] Built target nuka_row_solver_gpu
[ 55%] Built target nuka_articulation
[ 61%] Built target nuka_import
[ 66%] Built target nuka_solver
[ 72%] Built target nuka_articulation_gpu
[ 83%] Built target nuka_collision_gpu
[ 94%] Built target nuka_runtime
[ 94%] Building CXX object tests/CMakeFiles/nuka_batched_h1_union_world_test.dir/__/src/runtime/coresident/batched_unified_world.cpp.o
[ 94%] Building CXX object tests/CMakeFiles/nuka_batched_h1_union_world_test.dir/coresident/test_batched_h1_union_world.cpp.o
[ 94%] Linking CXX executable nuka_batched_h1_union_world_test
[100%] Built target nuka_batched_h1_union_world_test
