[  4%] Built target tinyxml2
[  8%] Built target nuka_phi
[  8%] Built target nuka_codegen
[ 17%] Built target nuka_collision
[ 17%] Built target nuka_core
[ 26%] Built target nuka_constraint
[ 26%] Built target nuka_cooker
[ 30%] Built target nuka_sensor_noise
[ 34%] Built target nuka_row_solver_gpu
[ 39%] Built target nuka_scene
[ 43%] Built target nuka_solver
[ 47%] Built target nuka_articulation
[ 60%] Built target nuka_collision_gpu
[ 60%] Built target nuka_import
[ 65%] Built target nuka_articulation_gpu
[ 73%] Built target nuka_runtime
[ 86%] Built target nuka_diffsim
[100%] Built target nuka
[  5%] Built target tinyxml2
[  5%] Built target nuka_codegen
[ 11%] Built target nuka_core
[ 22%] Built target nuka_cooker
[ 22%] Built target nuka_phi
[ 27%] Built target nuka_constraint
[ 33%] Built target nuka_collision
[ 38%] Built target gtest
[ 44%] Built target nuka_row_solver_gpu
[ 50%] Built target nuka_scene
[ 50%] Built target gtest_main
[ 55%] Built target nuka_solver
[ 61%] Built target nuka_articulation
[ 66%] Built target nuka_import
[ 72%] Built target nuka_articulation_gpu
[ 83%] Built target nuka_collision_gpu
[ 94%] Built target nuka_runtime
[ 94%] Building CXX object tests/CMakeFiles/nuka_h1_union_scene_factory_test.dir/coresident/test_h1_union_scene_factory.cpp.o
[ 94%] Building CXX object tests/CMakeFiles/nuka_h1_union_scene_factory_test.dir/__/src/runtime/coresident/h1_union_scene_factory.cpp.o
[ 94%] Building CXX object tests/CMakeFiles/nuka_h1_union_scene_factory_test.dir/__/src/runtime/coresident/batched_unified_world.cpp.o
[100%] Building CXX object tests/CMakeFiles/nuka_h1_union_scene_factory_test.dir/__/src/runtime/coresident/unified_coresident_stepper.cpp.o
[100%] Building CXX object tests/CMakeFiles/nuka_h1_union_scene_factory_test.dir/__/src/collision/contact_stream_driver.cpp.o
[100%] Linking CXX executable nuka_h1_union_scene_factory_test
[100%] Built target nuka_h1_union_scene_factory_test
[  4%] Built target nuka_core
[  4%] Built target nuka_codegen
[  8%] Built target nuka_collision
[ 12%] Built target nuka_phi
[ 16%] Built target nuka_cooker
[ 20%] Built target tinyxml2
[ 29%] Built target gtest
[ 29%] Built target nuka_constraint
[ 33%] Built target nuka_sensor_noise
[ 33%] Built target gtest_main
[ 37%] Built target nuka_scene
[ 41%] Built target nuka_articulation
[ 45%] Built target nuka_row_solver_gpu
[ 50%] Built target nuka_import
[ 54%] Built target nuka_solver
[ 58%] Built target nuka_articulation_gpu
[ 66%] Built target nuka_collision_gpu
[ 75%] Built target nuka_runtime
[ 87%] Built target nuka_diffsim
[100%] Built target nuka
[100%] Building CXX object tests/CMakeFiles/nuka_h1_union_pyref_test.dir/coresident/test_h1_union_pyref.cpp.o
[100%] Linking CXX executable nuka_h1_union_pyref_test
[100%] Built target nuka_h1_union_pyref_test
[  5%] Built target tinyxml2
[  5%] Built target nuka_codegen
[ 11%] Built target nuka_collision
[ 16%] Built target nuka_constraint
[ 22%] Built target nuka_core
[ 27%] Built target nuka_cooker
[ 33%] Built target nuka_phi
[ 38%] Built target gtest
[ 44%] Built target nuka_scene
[ 44%] Built target gtest_main
[ 50%] Built target nuka_row_solver_gpu
[ 55%] Built target nuka_solver
[ 61%] Built target nuka_import
[ 66%] Built target nuka_articulation
[ 77%] Built target nuka_collision_gpu
[ 83%] Built target nuka_articulation_gpu
[ 94%] Built target nuka_runtime
[ 94%] Building CXX object tests/CMakeFiles/nuka_h1_union_scene_factory_test.dir/coresident/test_h1_union_scene_factory.cpp.o
[ 94%] Building CXX object tests/CMakeFiles/nuka_h1_union_scene_factory_test.dir/__/src/runtime/coresident/h1_union_scene_factory.cpp.o
[ 94%] Building CXX object tests/CMakeFiles/nuka_h1_union_scene_factory_test.dir/__/src/runtime/coresident/batched_unified_world.cpp.o
[ 94%] Linking CXX executable nuka_h1_union_scene_factory_test
[100%] Built target nuka_h1_union_scene_factory_test
