[  0%] Built target nuka_codegen
[ 11%] Built target nuka_collision
[ 11%] Built target tinyxml2
[ 16%] Built target nuka_core
[ 22%] Built target gtest
[ 27%] Built target nuka_constraint
[ 33%] Built target nuka_phi
[ 38%] Built target nuka_cooker
[ 38%] Built target gtest_main
[ 38%] Building CUDA object src/CMakeFiles/nuka_row_solver_gpu.dir/solver/gpu/row_scheduler.cu.o
[ 44%] Built target nuka_scene
[ 50%] Built target nuka_articulation
[ 55%] Built target nuka_import
[ 61%] Built target nuka_articulation_gpu
[ 72%] Built target nuka_collision_gpu
/root/Nuka-Physics/src/solver/gpu/row_scheduler.cu(250): error: identifier "UnionByKey" is undefined
              UnionByKey(body_first, vb.bodies[bi], row, uf);
              ^

/root/Nuka-Physics/src/solver/gpu/row_scheduler.cu(262): error: identifier "UnionByKey" is undefined
                      UnionByKey(art_first, side.art_index, row, uf);
                      ^

/root/Nuka-Physics/src/solver/gpu/row_scheduler.cu(274): error: identifier "UnionByKey" is undefined
                      UnionByKey(particle_first, ref.handle, row, uf);
                      ^

3 errors detected in the compilation of "/root/Nuka-Physics/src/solver/gpu/row_scheduler.cu".
make[3]: *** [src/CMakeFiles/nuka_row_solver_gpu.dir/build.make:77: src/CMakeFiles/nuka_row_solver_gpu.dir/solver/gpu/row_scheduler.cu.o] Error 2
make[2]: *** [CMakeFiles/Makefile2:2092: src/CMakeFiles/nuka_row_solver_gpu.dir/all] Error 2
make[1]: *** [CMakeFiles/Makefile2:5866: tests/CMakeFiles/nuka_h1_union_scene_factory_test.dir/rule] Error 2
make: *** [Makefile:2286: nuka_h1_union_scene_factory_test] Error 2
