-- CUDA enabled for preferred physics backend: /opt/cuda-12.8-root/usr/local/cuda-12.8/bin/nvcc
CMake Warning (dev) at /root/.local/lib/python3.10/site-packages/cmake/data/share/cmake-3.30/Modules/FetchContent.cmake:1953 (message):
  Calling FetchContent_Populate(eigen) is deprecated, call
  FetchContent_MakeAvailable(eigen) instead.  Policy CMP0169 can be set to
  OLD to allow FetchContent_Populate(eigen) to be called directly for now,
  but the ability to call it with declared details will be removed completely
  in a future version.
Call Stack (most recent call first):
  CMakeLists.txt:252 (FetchContent_Populate)
This warning is for project developers.  Use -Wno-dev to suppress it.

-- Configuring done (0.8s)
-- Generating done (0.5s)
-- Build files have been written to: /root/Nuka-Physics/build-cuda128
[  0%] Built target nuka_codegen
[  4%] Built target tinyxml2
[  8%] Built target nuka_core
[ 13%] Built target nuka_constraint
[ 17%] Built target nuka_phi
[ 26%] Built target nuka_cooker
[ 26%] Built target nuka_collision
[ 30%] Built target nuka_row_solver_gpu
[ 34%] Built target nuka_scene
[ 39%] Built target nuka_sensor_noise
[ 43%] Built target nuka_solver
[ 47%] Built target nuka_import
[ 52%] Built target nuka_articulation
[ 56%] Built target nuka_articulation_gpu
[ 65%] Built target nuka_collision_gpu
[ 73%] Built target nuka_runtime
[ 86%] Built target nuka_diffsim
[ 91%] Building CXX object src/CMakeFiles/nuka.dir/c_abi/buffer.cpp.o
[ 91%] Building CXX object src/CMakeFiles/nuka.dir/c_abi/world.cpp.o
[ 91%] Building CXX object src/CMakeFiles/nuka.dir/c_abi/error.cpp.o
[ 91%] Building CXX object src/CMakeFiles/nuka.dir/c_abi/device.cpp.o
[ 91%] Building CXX object src/CMakeFiles/nuka.dir/c_abi/diffsim.cpp.o
[ 91%] Building CXX object src/CMakeFiles/nuka.dir/c_abi/grasp_world.cpp.o
[ 95%] Building CXX object src/CMakeFiles/nuka.dir/runtime/coresident/h1_union_scene_factory.cpp.o
[ 95%] Building CXX object src/CMakeFiles/nuka.dir/c_abi/union_world.cpp.o
[ 95%] Building CXX object src/CMakeFiles/nuka.dir/c_abi/noise.cpp.o
[ 95%] Building CXX object src/CMakeFiles/nuka.dir/runtime/coresident/batched_unified_world.cpp.o
[ 95%] Building CXX object src/CMakeFiles/nuka.dir/runtime/coresident/unified_coresident_stepper.cpp.o
[ 95%] Building CXX object src/CMakeFiles/nuka.dir/runtime/coresident/grasp_scene_factory.cpp.o
[ 95%] Building CXX object src/CMakeFiles/nuka.dir/collision/contact_stream_driver.cpp.o
[100%] Linking CXX shared library libnuka.so
[100%] Built target nuka
make: *** No rule to make target 'nuka_h1_union_scene_factory_test'.  Stop.
