Running main() from /root/Nuka-Physics/build-cuda128/_deps/googletest-src/googletest/src/gtest_main.cc
[==========] Running 21 tests from 4 test suites.
[----------] Global test environment set-up.
[----------] 4 tests from BatchedUnifiedWorld
[ RUN      ] BatchedUnifiedWorld.FreeFallMatchesSymplecticEuler
[       OK ] BatchedUnifiedWorld.FreeFallMatchesSymplecticEuler (0 ms)
[ RUN      ] BatchedUnifiedWorld.PerEnvIndependence
[       OK ] BatchedUnifiedWorld.PerEnvIndependence (0 ms)
[ RUN      ] BatchedUnifiedWorld.DeterministicTwoRunByteExact
[       OK ] BatchedUnifiedWorld.DeterministicTwoRunByteExact (0 ms)
[ RUN      ] BatchedUnifiedWorld.ImmovableBodyDoesNotMove
[       OK ] BatchedUnifiedWorld.ImmovableBodyDoesNotMove (0 ms)
[----------] 4 tests from BatchedUnifiedWorld (0 ms total)

[----------] 5 tests from BatchedUnifiedWorldContact
[ RUN      ] BatchedUnifiedWorldContact.Gate_A1_N1_MatchesStandaloneReference
[       OK ] BatchedUnifiedWorldContact.Gate_A1_N1_MatchesStandaloneReference (2038 ms)
[ RUN      ] BatchedUnifiedWorldContact.Gate_B_BoxSettlesOnPlane
[       OK ] BatchedUnifiedWorldContact.Gate_B_BoxSettlesOnPlane (225 ms)
[ RUN      ] BatchedUnifiedWorldContact.Gate_C_PerEnvIndependenceBatched
[       OK ] BatchedUnifiedWorldContact.Gate_C_PerEnvIndependenceBatched (2171 ms)
[ RUN      ] BatchedUnifiedWorldContact.Gate_A2_StandaloneRefMatchesCoResidentOracle
[A2] cross-path (C5b oracle vs C5a ref): byte_exact=1  |dpos|=0.000e+00  dvz=0.000e+00
[       OK ] BatchedUnifiedWorldContact.Gate_A2_StandaloneRefMatchesCoResidentOracle (420 ms)
[ RUN      ] BatchedUnifiedWorldContact.Gate_D_DeterministicTwoRun
[       OK ] BatchedUnifiedWorldContact.Gate_D_DeterministicTwoRun (329 ms)
[----------] 5 tests from BatchedUnifiedWorldContact (5185 ms total)

[----------] 8 tests from BatchedUnifiedWorldGrasp
[ RUN      ] BatchedUnifiedWorldGrasp.Gate_A1_N1_MatchesStandaloneReference
[GRASP A1] cup + gripper q/qdot byte-identical (N=1 batched == standalone ref) over 100 steps
[       OK ] BatchedUnifiedWorldGrasp.Gate_A1_N1_MatchesStandaloneReference (6982 ms)
[ RUN      ] BatchedUnifiedWorldGrasp.Gate_A2_N1_MatchesCoResidentStepGrasp
[GRASP A2] N=1 batched vs co-resident StepGrasp: |dpos|=5.106e-08 |dvel|=4.113e-07  cup_z(batched=0.199906 oracle=0.199906) vert_impulse(batched=8.17482e-03 oracle=8.17482e-03)
[       OK ] BatchedUnifiedWorldGrasp.Gate_A2_N1_MatchesCoResidentStepGrasp (6785 ms)
[ RUN      ] BatchedUnifiedWorldGrasp.Gate_HOLD_FrictionOnlyNoTable
[GRASP HOLD] step   0: cup_z=0.20000 vz=-0.00000 vert_impulse=8.17404e-03 (mgdt=8.17500e-03 bal=0.000) contacts=2
[GRASP HOLD] step   1: cup_z=0.20000 vz=-0.00001 vert_impulse=8.17395e-03 (mgdt=8.17500e-03 bal=0.000) contacts=2
[GRASP HOLD] step   2: cup_z=0.20000 vz=-0.00001 vert_impulse=8.17415e-03 (mgdt=8.17500e-03 bal=0.000) contacts=2
[GRASP HOLD] step   3: cup_z=0.20000 vz=-0.00002 vert_impulse=8.17405e-03 (mgdt=8.17500e-03 bal=0.000) contacts=2
[GRASP HOLD] step 119: cup_z=0.19987 vz=-0.00038 vert_impulse=8.17554e-03 (mgdt=8.17500e-03 bal=0.000) contacts=2
[GRASP HOLD GATE] held 120/120, contact 120/120; cup drift=0.00013 m (free-fall=1.2263 m); balance err=0.000 crosscheck err=1.069e-07 any_static=0
[       OK ] BatchedUnifiedWorldGrasp.Gate_HOLD_FrictionOnlyNoTable (6280 ms)
[ RUN      ] BatchedUnifiedWorldGrasp.Gate_BITE_GripOffCupFalls
[GRASP BITE] grip=0: cup dropped 1.23339 m over 120 steps (free-fall=1.2263 m); final vz=-4.8988 m/s
[       OK ] BatchedUnifiedWorldGrasp.Gate_BITE_GripOffCupFalls (6284 ms)
[ RUN      ] BatchedUnifiedWorldGrasp.Gate_PerEnvIndependence_N8
EXIT_BATCHED_UNIFIED=143
