[OK] construct + scalars

[A2 PY HOLD/BITE] free_fall=0.8516 m
  env 0 (HOLD): cup_z=0.19991 drop=0.00009 contacts=2
  env 1 (BITE): cup_z=-0.65751 drop=0.85751 contacts=0
  env 2 (HOLD): cup_z=0.19991 drop=0.00009 contacts=2
  env 3 (BITE): cup_z=-0.65751 drop=0.85751 contacts=0
  env 4 (HOLD): cup_z=0.19991 drop=0.00009 contacts=2
  env 5 (BITE): cup_z=-0.65751 drop=0.85751 contacts=0
  env 6 (HOLD): cup_z=0.19991 drop=0.00009 contacts=2
  env 7 (BITE): cup_z=-0.65751 drop=0.85751 contacts=0
[OK] hold vs bite

[A2 PY OBS] held-with-both-fingers=8/8  max|q|=9.8861e-04 cup_z[0]=0.19998 impulse[0]=[0.03329856 0.03329863]
[OK] export_obs shapes + consistency

[A2 PY RESET] reset ids [0, 2] re-grip contacts=[2, 2]
[OK] reset_envs

[A2 PY THROUGHPUT]
  N=256 : 9802 env-steps/sec
  N=1024: 10035 env-steps/sec (9.8 world-steps/sec)
  implied 1e8-step PPO run @ N=1024: 2.77 hours
  FINDING: throughput is N-INDEPENDENT (plateaued), NOT rising 256->1024.
[OK] throughput

ALL A2 PYTHON SMOKE GATES PASSED
EXIT_A2_BINDING=0
