Running main() from /root/Nuka-Physics/build-cuda128/_deps/googletest-src/googletest/src/gtest_main.cc
[==========] Running 5 tests from 1 test suite.
[----------] Global test environment set-up.
[----------] 5 tests from DofAbove18Honesty
[ RUN      ] DofAbove18Honesty.FactorInverseCoversAllDof24FixedRoot
[diag] dof=24: max|Minv_dev-Minv_ref|=9.824e-06 (tol 9.296e-04), max|M.Minv-I|=7.222e-06
[       OK ] DofAbove18Honesty.FactorInverseCoversAllDof24FixedRoot (1759 ms)
[ RUN      ] DofAbove18Honesty.FactorInverseCoversAllDof25FloatingRoot
[diag] dof=25: max|Minv_dev-Minv_ref|=1.555e-05 (tol 1.612e-03), max|M.Minv-I|=5.195e-06
[       OK ] DofAbove18Honesty.FactorInverseCoversAllDof25FloatingRoot (1 ms)
[ RUN      ] DofAbove18Honesty.EffectiveMassUsesFullChain
[diag] m_eff dev=2.620442 ref=2.620446 rel_err=1.567e-06
[       OK ] DofAbove18Honesty.EffectiveMassUsesFullChain (2 ms)
[ RUN      ] DofAbove18Honesty.ImplicitDampingReachesDofAbove18
[diag] implicit damping max|qdot_dev-qdot_ref|=5.086e-08
[       OK ] DofAbove18Honesty.ImplicitDampingReachesDofAbove18 (2 ms)
[ RUN      ] DofAbove18Honesty.LoudFailBeyondMaxArticulationDof
[       OK ] DofAbove18Honesty.LoudFailBeyondMaxArticulationDof (0 ms)
[----------] 5 tests from DofAbove18Honesty (1767 ms total)

[----------] Global test environment tear-down
[==========] 5 tests from 1 test suite ran. (1767 ms total)
[  PASSED  ] 5 tests.
EXIT=0
