Running main() from /root/Nuka-Physics/build-cuda128/_deps/googletest-src/googletest/src/gtest_main.cc
[==========] Running 34 tests from 10 test suites.
[----------] Global test environment set-up.
[----------] 4 tests from RigidSolver
[ RUN      ] RigidSolver.RestingContactPreventsFurtherPenetration
[       OK ] RigidSolver.RestingContactPreventsFurtherPenetration (1512 ms)
[ RUN      ] RigidSolver.IterationsReported
[       OK ] RigidSolver.IterationsReported (0 ms)
[ RUN      ] RigidSolver.SlopToleranceRespected
[       OK ] RigidSolver.SlopToleranceRespected (0 ms)
[ RUN      ] RigidSolver.EmptyInputReturnsZero
[       OK ] RigidSolver.EmptyInputReturnsZero (0 ms)
[----------] 4 tests from RigidSolver (1513 ms total)

[----------] 3 tests from ContactMaterial
[ RUN      ] ContactMaterial.FrictionImpulseIsClampedByNormalImpulse
[       OK ] ContactMaterial.FrictionImpulseIsClampedByNormalImpulse (0 ms)
[ RUN      ] ContactMaterial.NoNormalImpulseProducesNoFrictionImpulse
[       OK ] ContactMaterial.NoNormalImpulseProducesNoFrictionImpulse (0 ms)
[ RUN      ] ContactMaterial.RestitutionBouncesAlongContactNormal
[       OK ] ContactMaterial.RestitutionBouncesAlongContactNormal (0 ms)
[----------] 3 tests from ContactMaterial (0 ms total)

[----------] 3 tests from JointLimit
[ RUN      ] JointLimit.VelocityClampedByLimit
[       OK ] JointLimit.VelocityClampedByLimit (0 ms)
[ RUN      ] JointLimit.ImpulseStaysWithinLimits
[       OK ] JointLimit.ImpulseStaysWithinLimits (0 ms)
[ RUN      ] JointLimit.ZeroVelocityProducesNoImpulse
[       OK ] JointLimit.ZeroVelocityProducesNoImpulse (0 ms)
[----------] 3 tests from JointLimit (0 ms total)

[----------] 3 tests from JointProjection
[ RUN      ] JointProjection.StaticAnchorPullsDynamicAnchorOntoPivot
[       OK ] JointProjection.StaticAnchorPullsDynamicAnchorOntoPivot (0 ms)
[ RUN      ] JointProjection.MassWeightedCorrectionMovesLightBodyMore
[       OK ] JointProjection.MassWeightedCorrectionMovesLightBodyMore (0 ms)
[ RUN      ] JointProjection.EccentricAnchorProjectionUsesAngularInertia
[       OK ] JointProjection.EccentricAnchorProjectionUsesAngularInertia (0 ms)
[----------] 3 tests from JointProjection (0 ms total)

[----------] 1 test from RowScheduler
[ RUN      ] RowScheduler.ColoringIsDeterministicAndRaceFree
[       OK ] RowScheduler.ColoringIsDeterministicAndRaceFree (0 ms)
[----------] 1 test from RowScheduler (0 ms total)

[----------] 2 tests from RowSolverDiffBridge
[ RUN      ] RowSolverDiffBridge.ContactSmokeAgreesWithReferenceReplay
[       OK ] RowSolverDiffBridge.ContactSmokeAgreesWithReferenceReplay (0 ms)
[ RUN      ] RowSolverDiffBridge.JointAndDriveSmokeAgreesWithReferenceReplay
[       OK ] RowSolverDiffBridge.JointAndDriveSmokeAgreesWithReferenceReplay (0 ms)
[----------] 2 tests from RowSolverDiffBridge (0 ms total)

[----------] 5 tests from RowSchedulerColoringEquivalence
[ RUN      ] RowSchedulerColoringEquivalence.EmptyRows
[       OK ] RowSchedulerColoringEquivalence.EmptyRows (0 ms)
[ RUN      ] RowSchedulerColoringEquivalence.SyntheticGraspCliquesSweep
[       OK ] RowSchedulerColoringEquivalence.SyntheticGraspCliquesSweep (3488 ms)
[ RUN      ] RowSchedulerColoringEquivalence.DenseSingleClique
[       OK ] RowSchedulerColoringEquivalence.DenseSingleClique (12 ms)
[ RUN      ] RowSchedulerColoringEquivalence.AllInvalidNoConflicts
[       OK ] RowSchedulerColoringEquivalence.AllInvalidNoConflicts (12 ms)
[ RUN      ] RowSchedulerColoringEquivalence.RandomizedBattery
[       OK ] RowSchedulerColoringEquivalence.RandomizedBattery (1831 ms)
[----------] 5 tests from RowSchedulerColoringEquivalence (5345 ms total)

[----------] 6 tests from UnifiedSolve
[ RUN      ] UnifiedSolve.RestingContactSupportsWeight
[       OK ] UnifiedSolve.RestingContactSupportsWeight (78 ms)
[ RUN      ] UnifiedSolve.StifferContactPenetratesLess
[       OK ] UnifiedSolve.StifferContactPenetratesLess (199 ms)
[ RUN      ] UnifiedSolve.DroppedBoxIsStable
[       OK ] UnifiedSolve.DroppedBoxIsStable (97 ms)
[ RUN      ] UnifiedSolve.PyramidFrictionGripsHighMuSlidesZeroMu
[       OK ] UnifiedSolve.PyramidFrictionGripsHighMuSlidesZeroMu (32 ms)
[ RUN      ] UnifiedSolve.TwoRunByteExact
[       OK ] UnifiedSolve.TwoRunByteExact (101 ms)
[ RUN      ] UnifiedSolve.CrossReplicaMatchesSingleEnv
[       OK ] UnifiedSolve.CrossReplicaMatchesSingleEnv (71 ms)
[----------] 6 tests from UnifiedSolve (580 ms total)

[----------] 4 tests from LinkRigidTwoWay
[ RUN      ] LinkRigidTwoWay.SingleArticulationContactMatchesClosedForm
[       OK ] LinkRigidTwoWay.SingleArticulationContactMatchesClosedForm (0 ms)
[ RUN      ] LinkRigidTwoWay.TwoContactsSameArticulationSerializeAndAreConsistent
[       OK ] LinkRigidTwoWay.TwoContactsSameArticulationSerializeAndAreConsistent (0 ms)
[ RUN      ] LinkRigidTwoWay.MixedArticulationRigidTwoWayReacts
[       OK ] LinkRigidTwoWay.MixedArticulationRigidTwoWayReacts (0 ms)
[ RUN      ] LinkRigidTwoWay.DeterministicTwoRunByteExact
[       OK ] LinkRigidTwoWay.DeterministicTwoRunByteExact (0 ms)
[----------] 4 tests from LinkRigidTwoWay (0 ms total)

[----------] 3 tests from CompliantPgsRegularizer
[ RUN      ] CompliantPgsRegularizer.KernelMatchesAplusRDenseSolveAcrossRSweep
[       OK ] CompliantPgsRegularizer.KernelMatchesAplusRDenseSolveAcrossRSweep (7 ms)
[ RUN      ] CompliantPgsRegularizer.LargeRDiscriminatesAgainstPreFixFixedPoint
[       OK ] CompliantPgsRegularizer.LargeRDiscriminatesAgainstPreFixFixedPoint (1 ms)
[ RUN      ] CompliantPgsRegularizer.DeterministicTwoRunByteExact
[       OK ] CompliantPgsRegularizer.DeterministicTwoRunByteExact (2 ms)
[----------] 3 tests from CompliantPgsRegularizer (10 ms total)

[----------] Global test environment tear-down
[==========] 34 tests from 10 test suites ran. (7453 ms total)
[  PASSED  ] 34 tests.
EXIT=0
